// Jest Snapshot v1, https://goo.gl/fbAQLP

exports[`test oppslgasiden should render correctly 1`] = `
<div>
  <header
    class="innlogging"
  >
    <button
      class="ds-button"
      data-variant="primary"
      type="button"
    >
      Log In
    </button>
  </header>
  <section>
    <h1
      class="ds-heading"
      data-size="xl"
    >
      Virksomhetsopplysninger
    </h1>
    <p
      class="ds-paragraph ingress"
      data-size="md"
      data-variant="default"
    >
      Her kan du gjører søk på virksomhetsnavn
    </p>
    <form>
      <div
        class="ds-search"
        data-size="md"
      >
        <input
          aria-label="søk"
          class="ds-input"
          placeholder="Her kan du søke på virskomhetsnavn"
          type="search"
          value=""
        />
        <button
          aria-label="Tøm"
          class="ds-button"
          data-icon="true"
          data-variant="tertiary"
          type="reset"
        />
        <button
          aria-label="Søkeknapp"
          class="ds-button"
          data-variant="primary"
          type="submit"
        >
          Søk
        </button>
      </div>
    </form>
  </section>
  <div
    class="result-Wrapper"
  >
    <section
      class="filtrering-Wrapper"
    >
      <div
        class="filter-size"
      >
        <h2
          class="ds-heading"
          data-size="md"
        >
          Filtreringsmuligheter
        </h2>
        <div
          class="ds-field"
        >
          <label
            class="ds-label"
            data-weight="medium"
            for=":mc0geub9z6l"
          >
            Kommune
          </label>
          <u-tags
            class="ds-multi-suggestion filter-Wrapper"
            datatype="sm"
          >
            <input
              class="ds-input"
              id=":mc0geub9z6l"
              list="«r0»"
              placeholder=""
              type="text"
            />
            <button
              aria-label="Tøm"
              class="ds-button"
              data-icon="true"
              data-variant="tertiary"
              type="reset"
            />
            <u-datalist
              data-sr-plural="%d forslag"
              data-sr-singular="%d forslag"
              hidden=""
              id="«r0»"
              role="listbox"
              tabindex="-1"
            >
              <u-option
                aria-disabled="false"
                aria-selected="false"
                data-empty=""
                role="none"
                tabindex="-1"
              >
                Tomt
              </u-option>
              <u-option
                aria-disabled="false"
                aria-selected="false"
                role="option"
                tabindex="-1"
                value="Sogndal"
              >
                Sogndal
                <div>
                  Kommune
                </div>
              </u-option>
            </u-datalist>
          </u-tags>
        </div>
        <div
          class="ds-field"
        >
          <label
            class="ds-label"
            data-weight="medium"
            for=":mc0geubgfhr"
          >
            Organisasjonsform
          </label>
          <u-tags
            class="ds-multi-suggestion filter-Wrapper"
            datatype="sm"
          >
            <input
              class="ds-input"
              id=":mc0geubgfhr"
              list="«r1»"
              placeholder=""
              type="text"
            />
            <button
              aria-label="Tøm"
              class="ds-button"
              data-icon="true"
              data-variant="tertiary"
              type="reset"
            />
            <u-datalist
              data-sr-plural="%d forslag"
              data-sr-singular="%d forslag"
              hidden=""
              id="«r1»"
              role="listbox"
              tabindex="-1"
            >
              <u-option
                aria-disabled="false"
                aria-selected="false"
                data-empty=""
                role="none"
                tabindex="-1"
              >
                Tomt
              </u-option>
              <u-option
                aria-disabled="false"
                aria-selected="false"
                role="option"
                tabindex="-1"
                value="ANNA"
              >
                ANNA
                <div>
                  Annen juridisk peson
                </div>
              </u-option>
            </u-datalist>
          </u-tags>
        </div>
        <div
          class="ds-field"
        >
          <label
            class="ds-label"
            data-weight="medium"
            for=":mc0geubhaij"
          >
            Dine filter
          </label>
          <div
            class="ds-suggestion filter-Wrapper"
            datatype="md"
          >
            <input
              class="ds-input"
              id=":mc0geubhaij"
              list="«r2»"
              placeholder=""
              type="text"
            />
            <button
              aria-label="Tøm"
              class="ds-button"
              data-icon="true"
              data-variant="tertiary"
              type="reset"
            />
            <u-datalist
              data-sr-plural="%d forslag"
              data-sr-singular="%d forslag"
              hidden=""
              id="«r2»"
              role="listbox"
              tabindex="-1"
            >
              <u-option
                aria-disabled="false"
                aria-selected="false"
                data-empty=""
                role="none"
                tabindex="-1"
              >
                Tomt
              </u-option>
              <u-option
                aria-disabled="false"
                aria-selected="false"
                role="option"
                tabindex="-1"
                value="BrønnøyMix"
              >
                BrønnøyMix
              </u-option>
            </u-datalist>
          </div>
        </div>
      </div>
      <fieldset
        class="ds-fieldset filter-Wrapper"
      >
        <legend
          class="ds-label"
          data-weight="medium"
        >
          Under Konkursbehandlig
        </legend>
        <div
          class="ds-field"
        >
          <input
            class="ds-input"
            id=":mc0geubh2q5"
            type="radio"
            value="value"
          />
          <label
            class="ds-label"
            data-weight="regular"
            for=":mc0geubh2q5"
          >
            Ja
          </label>
        </div>
        <div
          class="ds-field"
        >
          <input
            class="ds-input"
            id=":mc0geubha3m"
            type="radio"
          />
          <label
            class="ds-label"
            data-weight="regular"
            for=":mc0geubha3m"
          >
            Nei
          </label>
        </div>
      </fieldset>
    </section>
    <section>
      <h2
        class="ds-heading"
      >
        Viser 
         av 
         virksomheter
      </h2>
      <ul
        class="card"
      />
    </section>
  </div>
</div>
`;
